> Building...
√ Building...
Initial chunk files   | Names                                |  Raw size | Estimated transfer size
chunk-PQ23SXKO.js     | -                                    | 279.50 kB |                75.96 kB
styles-EOIZJJJK.css   | styles                               |  64.17 kB |                 9.16 kB
chunk-2PTJ2NQS.js     | -                                    |  47.88 kB |                 9.53 kB
polyfills-5CFQRCPP.js | polyfills                            |  34.59 kB |                11.33 kB
chunk-TTTO2H4V.js     | -                                    |  12.90 kB |                 3.40 kB
main-SHA4MG6Y.js      | main                                 |  11.08 kB |                 3.22 kB
chunk-6KCF3GLU.js     | -                                    |   1.15 kB |               499 bytes
chunk-2VMXMS7J.js     | -                                    | 661 bytes |               661 bytes
chunk-IENNI62Z.js     | -                                    | 584 bytes |               584 bytes
chunk-ZBO2KRRQ.js     | -                                    | 547 bytes |               547 bytes
chunk-EQR556WG.js     | -                                    | 268 bytes |               268 bytes

                      | Initial total                        | 453.31 kB |               115.17 kB

Lazy chunk files      | Names                                |  Raw size | Estimated transfer size
chunk-5C5UINRS.js     | -                                    | 544.79 kB |               122.44 kB
chunk-LWLE32K3.js     | workflow-designer-component          | 229.63 kB |                39.98 kB
chunk-GTO5LHDC.js     | workflow-binding-wizard-component    |  40.05 kB |                 7.66 kB
chunk-SULU5HTC.js     | workflow-help-center-component       |  30.28 kB |                 6.28 kB
chunk-HQML3BUB.js     | workflow-binding-detail-component    |  29.44 kB |                 6.27 kB
chunk-OQQ426C7.js     | workflow-assignment-groups-component |  24.57 kB |                 6.14 kB
chunk-7ULS4ARY.js     | workflow-task-detail-component       |  24.08 kB |                 5.78 kB
chunk-X2MVPC5T.js     | workflow-versions-component          |  22.16 kB |                 5.13 kB
chunk-HB55IOQX.js     | workflow-departments-component       |  20.41 kB |                 4.80 kB
chunk-IOSE5XXR.js     | workflow-definitions-component       |  17.93 kB |                 4.72 kB
chunk-K3PESB6W.js     | workflow-tasks-component             |  17.67 kB |                 4.86 kB
chunk-5ZRDVSGS.js     | workflow-requests-component          |  16.76 kB |                 4.70 kB
chunk-E7HCADWZ.js     | -                                    |  14.77 kB |                 4.39 kB
chunk-J5S3RV4O.js     | workflow-request-progress-component  |  13.88 kB |                 3.97 kB
chunk-JQRFYHEF.js     | workflow-participants-component      |  13.61 kB |                 3.85 kB
...and 41 more lazy chunks files. Use "--verbose" to show all the files.

Application bundle generation complete. [5.671 seconds] - 2026-09-16T17:25:07.522Z

Output location: D:\Work\NWFM\frontend\dist\frontend

